---
source: src/parsers/zillow.rs
expression: prop
---
{
  "id": 0,
  "search_id": null,
  "title": "3545 King Edward Ave W, Vancouver - 5 beds/3 baths",
  "description": "",
  "price": 2098000,
  "price_currency": "CAD",
  "street_address": "3545 King Edward Ave W",
  "city": "Vancouver",
  "region": "BC",
  "postal_code": "V6S 1M4",
  "country": "CA",
  "lat": 49.25036,
  "lon": -123.183334,
  "property_type": null,
  "bedrooms": 5,
  "bathrooms": 3,
  "sqft": 2424,
  "land_sqft": null,
  "year_built": null,
  "parking_total": null,
  "parking_garage": null,
  "parking_carport": null,
  "parking_pad": null,
  "radiant_floor_heating": null,
  "ac": null,
  "laundry_in_unit": null,
  "skytrain_station": null,
  "skytrain_walk_min": null,
  "offer_price": null,
  "property_tax": null,
  "hoa_monthly": null,
  "down_payment_pct": null,
  "mortgage_interest_rate": null,
  "amortization_years": null,
  "mortgage_monthly": null,
  "monthly_total": null,
  "monthly_cost": null,
  "has_rental_suite": null,
  "rental_income": null,
  "school_elementary": null,
  "school_elementary_rating": null,
  "school_middle": null,
  "school_middle_rating": null,
  "school_secondary": null,
  "school_secondary_rating": null,
  "redfin_url": null,
  "realtor_url": null,
  "rew_url": null,
  "zillow_url": "https://www.zillow.com/homedetails/3545-King-Edward-Ave-W-Vancouver-BC-V6S-1M4/460652473_zpid/",
  "mls_number": "R3092688",
  "listed_date": null,
  "status": "Interested",
  "notes": null,
  "images": [
    {
      "id": 0,
      "url": "https://photos.zillowstatic.com/fp/e8c805c05989370b5fc89f8f12f4b84c-cc_ft_1536.jpg",
      "created_at": ""
    }
  ],
  "created_at": "",
  "updated_at": null
}
